DEBUG - 2026-03-11 20:12:59 --> Session: Class initialized using 'CodeIgniter\Session\Handlers\FileHandler' driver.
CRITICAL - 2026-03-11 20:29:10 --> ParseError: syntax error, unexpected token ";", expecting identifier or variable or "{" or "$"
[Method: GET, Route: blog]
in APPPATH/Views/blog.php on line 87.
 1 SYSTEMPATH/View/View.php(229): CodeIgniter\View\View->{closure:CodeIgniter\View\View::render():223}()
 2 SYSTEMPATH/Common.php(1199): CodeIgniter\View\View->render('blog', [], true)
 3 APPPATH/Controllers/Home.php(29): view('blog')
 4 SYSTEMPATH/CodeIgniter.php(933): App\Controllers\Home->blog()
 5 SYSTEMPATH/CodeIgniter.php(507): CodeIgniter\CodeIgniter->runController(Object(App\Controllers\Home))
 6 SYSTEMPATH/CodeIgniter.php(354): CodeIgniter\CodeIgniter->handleRequest(null, Object(Config\Cache), false)
 7 SYSTEMPATH/Boot.php(363): CodeIgniter\CodeIgniter->run()
 8 SYSTEMPATH/Boot.php(68): CodeIgniter\Boot::runCodeIgniter(Object(CodeIgniter\CodeIgniter))
 9 FCPATH/index.php(59): CodeIgniter\Boot::bootWeb(Object(Config\Paths))
10 SYSTEMPATH/rewrite.php(44): require_once('/Users/archigladia/AriyantodanRekan/public/index.php')
DEBUG - 2026-03-11 20:31:27 --> Session: Class initialized using 'CodeIgniter\Session\Handlers\FileHandler' driver.
ERROR - 2026-03-11 20:31:27 --> mysqli_sql_exception: Unknown column 'DISTINCT' in 'field list' in /Users/archigladia/AriyantodanRekan/system/Database/MySQLi/Connection.php:327
Stack trace:
#0 /Users/archigladia/AriyantodanRekan/system/Database/MySQLi/Connection.php(327): mysqli->query('SELECT `DISTINC...', 0)
#1 /Users/archigladia/AriyantodanRekan/system/Database/BaseConnection.php(729): CodeIgniter\Database\MySQLi\Connection->execute('SELECT `DISTINC...')
#2 /Users/archigladia/AriyantodanRekan/system/Database/BaseConnection.php(646): CodeIgniter\Database\BaseConnection->simpleQuery('SELECT `DISTINC...')
#3 /Users/archigladia/AriyantodanRekan/system/Database/BaseBuilder.php(1649): CodeIgniter\Database\BaseConnection->query('SELECT `DISTINC...', Array, false)
#4 /Users/archigladia/AriyantodanRekan/system/Model.php(286): CodeIgniter\Database\BaseBuilder->get()
#5 /Users/archigladia/AriyantodanRekan/system/BaseModel.php(677): CodeIgniter\Model->doFindAll(0, 0)
#6 /Users/archigladia/AriyantodanRekan/app/Views/blog.php(88): CodeIgniter\BaseModel->findAll()
#7 /Users/archigladia/AriyantodanRekan/system/View/View.php(226): include('/Users/archigla...')
#8 /Users/archigladia/AriyantodanRekan/system/View/View.php(229): CodeIgniter\View\View->{closure:CodeIgniter\View\View::render():223}()
#9 /Users/archigladia/AriyantodanRekan/system/Common.php(1199): CodeIgniter\View\View->render('blog', Array, true)
#10 /Users/archigladia/AriyantodanRekan/app/Controllers/Home.php(29): view('blog')
#11 /Users/archigladia/AriyantodanRekan/system/CodeIgniter.php(933): App\Controllers\Home->blog()
#12 /Users/archigladia/AriyantodanRekan/system/CodeIgniter.php(507): CodeIgniter\CodeIgniter->runController(Object(App\Controllers\Home))
#13 /Users/archigladia/AriyantodanRekan/system/CodeIgniter.php(354): CodeIgniter\CodeIgniter->handleRequest(NULL, Object(Config\Cache), false)
#14 /Users/archigladia/AriyantodanRekan/system/Boot.php(363): CodeIgniter\CodeIgniter->run()
#15 /Users/archigladia/AriyantodanRekan/system/Boot.php(68): CodeIgniter\Boot::runCodeIgniter(Object(CodeIgniter\CodeIgniter))
#16 /Users/archigladia/AriyantodanRekan/public/index.php(59): CodeIgniter\Boot::bootWeb(Object(Config\Paths))
#17 /Users/archigladia/AriyantodanRekan/system/rewrite.php(44): require_once('/Users/archigla...')
#18 {main}
CRITICAL - 2026-03-11 20:31:27 --> CodeIgniter\Database\Exceptions\DatabaseException: Unknown column 'DISTINCT' in 'field list'
[Method: GET, Route: blog]
in SYSTEMPATH/Database/BaseConnection.php on line 684.
 1 SYSTEMPATH/Database/BaseBuilder.php(1649): CodeIgniter\Database\BaseConnection->query('SELECT `DISTINCT` `category`
FROM `posts`', [], false)
 2 SYSTEMPATH/Model.php(286): CodeIgniter\Database\BaseBuilder->get()
 3 SYSTEMPATH/BaseModel.php(677): CodeIgniter\Model->doFindAll(0, 0)
 4 APPPATH/Views/blog.php(88): CodeIgniter\BaseModel->findAll()
 5 SYSTEMPATH/View/View.php(226): include('/Users/archigladia/AriyantodanRekan/app/Views/blog.php')
 6 SYSTEMPATH/View/View.php(229): CodeIgniter\View\View->{closure:CodeIgniter\View\View::render():223}()
 7 SYSTEMPATH/Common.php(1199): CodeIgniter\View\View->render('blog', [], true)
 8 APPPATH/Controllers/Home.php(29): view('blog')
 9 SYSTEMPATH/CodeIgniter.php(933): App\Controllers\Home->blog()
10 SYSTEMPATH/CodeIgniter.php(507): CodeIgniter\CodeIgniter->runController(Object(App\Controllers\Home))
11 SYSTEMPATH/CodeIgniter.php(354): CodeIgniter\CodeIgniter->handleRequest(null, Object(Config\Cache), false)
12 SYSTEMPATH/Boot.php(363): CodeIgniter\CodeIgniter->run()
13 SYSTEMPATH/Boot.php(68): CodeIgniter\Boot::runCodeIgniter(Object(CodeIgniter\CodeIgniter))
14 FCPATH/index.php(59): CodeIgniter\Boot::bootWeb(Object(Config\Paths))
15 SYSTEMPATH/rewrite.php(44): require_once('/Users/archigladia/AriyantodanRekan/public/index.php')
CRITICAL - 2026-03-11 20:31:27 --> [Caused by] CodeIgniter\Database\Exceptions\DatabaseException: Unknown column 'DISTINCT' in 'field list'
in SYSTEMPATH/Database/MySQLi/Connection.php on line 332.
 1 SYSTEMPATH/Database/BaseConnection.php(729): CodeIgniter\Database\MySQLi\Connection->execute('SELECT `DISTINCT` `category`
FROM `posts`')
 2 SYSTEMPATH/Database/BaseConnection.php(646): CodeIgniter\Database\BaseConnection->simpleQuery('SELECT `DISTINCT` `category`
FROM `posts`')
 3 SYSTEMPATH/Database/BaseBuilder.php(1649): CodeIgniter\Database\BaseConnection->query('SELECT `DISTINCT` `category`
FROM `posts`', [], false)
 4 SYSTEMPATH/Model.php(286): CodeIgniter\Database\BaseBuilder->get()
 5 SYSTEMPATH/BaseModel.php(677): CodeIgniter\Model->doFindAll(0, 0)
 6 APPPATH/Views/blog.php(88): CodeIgniter\BaseModel->findAll()
 7 SYSTEMPATH/View/View.php(226): include('/Users/archigladia/AriyantodanRekan/app/Views/blog.php')
 8 SYSTEMPATH/View/View.php(229): CodeIgniter\View\View->{closure:CodeIgniter\View\View::render():223}()
 9 SYSTEMPATH/Common.php(1199): CodeIgniter\View\View->render('blog', [], true)
10 APPPATH/Controllers/Home.php(29): view('blog')
11 SYSTEMPATH/CodeIgniter.php(933): App\Controllers\Home->blog()
12 SYSTEMPATH/CodeIgniter.php(507): CodeIgniter\CodeIgniter->runController(Object(App\Controllers\Home))
13 SYSTEMPATH/CodeIgniter.php(354): CodeIgniter\CodeIgniter->handleRequest(null, Object(Config\Cache), false)
14 SYSTEMPATH/Boot.php(363): CodeIgniter\CodeIgniter->run()
15 SYSTEMPATH/Boot.php(68): CodeIgniter\Boot::runCodeIgniter(Object(CodeIgniter\CodeIgniter))
16 FCPATH/index.php(59): CodeIgniter\Boot::bootWeb(Object(Config\Paths))
17 SYSTEMPATH/rewrite.php(44): require_once('/Users/archigladia/AriyantodanRekan/public/index.php')
CRITICAL - 2026-03-11 20:31:27 --> [Caused by] mysqli_sql_exception: Unknown column 'DISTINCT' in 'field list'
in SYSTEMPATH/Database/MySQLi/Connection.php on line 327.
 1 SYSTEMPATH/Database/MySQLi/Connection.php(327): mysqli->query('SELECT `DISTINCT` `category`
FROM `posts`', 0)
 2 SYSTEMPATH/Database/BaseConnection.php(729): CodeIgniter\Database\MySQLi\Connection->execute('SELECT `DISTINCT` `category`
FROM `posts`')
 3 SYSTEMPATH/Database/BaseConnection.php(646): CodeIgniter\Database\BaseConnection->simpleQuery('SELECT `DISTINCT` `category`
FROM `posts`')
 4 SYSTEMPATH/Database/BaseBuilder.php(1649): CodeIgniter\Database\BaseConnection->query('SELECT `DISTINCT` `category`
FROM `posts`', [], false)
 5 SYSTEMPATH/Model.php(286): CodeIgniter\Database\BaseBuilder->get()
 6 SYSTEMPATH/BaseModel.php(677): CodeIgniter\Model->doFindAll(0, 0)
 7 APPPATH/Views/blog.php(88): CodeIgniter\BaseModel->findAll()
 8 SYSTEMPATH/View/View.php(226): include('/Users/archigladia/AriyantodanRekan/app/Views/blog.php')
 9 SYSTEMPATH/View/View.php(229): CodeIgniter\View\View->{closure:CodeIgniter\View\View::render():223}()
10 SYSTEMPATH/Common.php(1199): CodeIgniter\View\View->render('blog', [], true)
11 APPPATH/Controllers/Home.php(29): view('blog')
12 SYSTEMPATH/CodeIgniter.php(933): App\Controllers\Home->blog()
13 SYSTEMPATH/CodeIgniter.php(507): CodeIgniter\CodeIgniter->runController(Object(App\Controllers\Home))
14 SYSTEMPATH/CodeIgniter.php(354): CodeIgniter\CodeIgniter->handleRequest(null, Object(Config\Cache), false)
15 SYSTEMPATH/Boot.php(363): CodeIgniter\CodeIgniter->run()
16 SYSTEMPATH/Boot.php(68): CodeIgniter\Boot::runCodeIgniter(Object(CodeIgniter\CodeIgniter))
17 FCPATH/index.php(59): CodeIgniter\Boot::bootWeb(Object(Config\Paths))
18 SYSTEMPATH/rewrite.php(44): require_once('/Users/archigladia/AriyantodanRekan/public/index.php')
DEBUG - 2026-03-11 20:35:40 --> Session: Class initialized using 'CodeIgniter\Session\Handlers\FileHandler' driver.
DEBUG - 2026-03-11 20:40:22 --> Session: Class initialized using 'CodeIgniter\Session\Handlers\FileHandler' driver.
DEBUG - 2026-03-11 20:40:24 --> Session: Class initialized using 'CodeIgniter\Session\Handlers\FileHandler' driver.
DEBUG - 2026-03-11 20:40:29 --> Session: Class initialized using 'CodeIgniter\Session\Handlers\FileHandler' driver.
DEBUG - 2026-03-11 20:48:37 --> Session: Class initialized using 'CodeIgniter\Session\Handlers\FileHandler' driver.
DEBUG - 2026-03-11 20:52:05 --> Session: Class initialized using 'CodeIgniter\Session\Handlers\FileHandler' driver.
DEBUG - 2026-03-11 20:52:30 --> Session: Class initialized using 'CodeIgniter\Session\Handlers\FileHandler' driver.
DEBUG - 2026-03-11 20:53:13 --> Session: Class initialized using 'CodeIgniter\Session\Handlers\FileHandler' driver.
DEBUG - 2026-03-11 20:53:25 --> Session: Class initialized using 'CodeIgniter\Session\Handlers\FileHandler' driver.
DEBUG - 2026-03-11 20:53:32 --> Session: Class initialized using 'CodeIgniter\Session\Handlers\FileHandler' driver.
DEBUG - 2026-03-11 20:53:35 --> Session: Class initialized using 'CodeIgniter\Session\Handlers\FileHandler' driver.
DEBUG - 2026-03-11 21:01:18 --> Session: Class initialized using 'CodeIgniter\Session\Handlers\FileHandler' driver.
DEBUG - 2026-03-11 21:01:20 --> Session: Class initialized using 'CodeIgniter\Session\Handlers\FileHandler' driver.
CRITICAL - 2026-03-11 21:01:20 --> ErrorException: Undefined variable $posts
[Method: GET, Route: blog]
in APPPATH/Views/blog.php on line 129.
 1 APPPATH/Views/blog.php(129): CodeIgniter\Debug\Exceptions->errorHandler(2, 'Undefined variable $posts', '/Users/archigladia/AriyantodanRekan/app/Views/blog.php', 129)
 2 SYSTEMPATH/View/View.php(226): include('/Users/archigladia/AriyantodanRekan/app/Views/blog.php')
 3 SYSTEMPATH/View/View.php(229): CodeIgniter\View\View->{closure:CodeIgniter\View\View::render():223}()
 4 SYSTEMPATH/Common.php(1199): CodeIgniter\View\View->render('blog', [], true)
 5 APPPATH/Controllers/Home.php(29): view('blog')
 6 SYSTEMPATH/CodeIgniter.php(933): App\Controllers\Home->blog()
 7 SYSTEMPATH/CodeIgniter.php(507): CodeIgniter\CodeIgniter->runController(Object(App\Controllers\Home))
 8 SYSTEMPATH/CodeIgniter.php(354): CodeIgniter\CodeIgniter->handleRequest(null, Object(Config\Cache), false)
 9 SYSTEMPATH/Boot.php(363): CodeIgniter\CodeIgniter->run()
10 SYSTEMPATH/Boot.php(68): CodeIgniter\Boot::runCodeIgniter(Object(CodeIgniter\CodeIgniter))
11 FCPATH/index.php(59): CodeIgniter\Boot::bootWeb(Object(Config\Paths))
12 SYSTEMPATH/rewrite.php(44): require_once('/Users/archigladia/AriyantodanRekan/public/index.php')
DEBUG - 2026-03-11 21:01:22 --> Session: Class initialized using 'CodeIgniter\Session\Handlers\FileHandler' driver.
DEBUG - 2026-03-11 21:01:23 --> Session: Class initialized using 'CodeIgniter\Session\Handlers\FileHandler' driver.
CRITICAL - 2026-03-11 21:01:23 --> ErrorException: Undefined variable $posts
[Method: GET, Route: blog]
in APPPATH/Views/blog.php on line 129.
 1 APPPATH/Views/blog.php(129): CodeIgniter\Debug\Exceptions->errorHandler(2, 'Undefined variable $posts', '/Users/archigladia/AriyantodanRekan/app/Views/blog.php', 129)
 2 SYSTEMPATH/View/View.php(226): include('/Users/archigladia/AriyantodanRekan/app/Views/blog.php')
 3 SYSTEMPATH/View/View.php(229): CodeIgniter\View\View->{closure:CodeIgniter\View\View::render():223}()
 4 SYSTEMPATH/Common.php(1199): CodeIgniter\View\View->render('blog', [], true)
 5 APPPATH/Controllers/Home.php(29): view('blog')
 6 SYSTEMPATH/CodeIgniter.php(933): App\Controllers\Home->blog()
 7 SYSTEMPATH/CodeIgniter.php(507): CodeIgniter\CodeIgniter->runController(Object(App\Controllers\Home))
 8 SYSTEMPATH/CodeIgniter.php(354): CodeIgniter\CodeIgniter->handleRequest(null, Object(Config\Cache), false)
 9 SYSTEMPATH/Boot.php(363): CodeIgniter\CodeIgniter->run()
10 SYSTEMPATH/Boot.php(68): CodeIgniter\Boot::runCodeIgniter(Object(CodeIgniter\CodeIgniter))
11 FCPATH/index.php(59): CodeIgniter\Boot::bootWeb(Object(Config\Paths))
12 SYSTEMPATH/rewrite.php(44): require_once('/Users/archigladia/AriyantodanRekan/public/index.php')
DEBUG - 2026-03-11 21:01:40 --> Session: Class initialized using 'CodeIgniter\Session\Handlers\FileHandler' driver.
DEBUG - 2026-03-11 21:01:45 --> Session: Class initialized using 'CodeIgniter\Session\Handlers\FileHandler' driver.
CRITICAL - 2026-03-11 21:01:45 --> ErrorException: Undefined variable $posts
[Method: GET, Route: blog]
in APPPATH/Views/blog.php on line 129.
 1 APPPATH/Views/blog.php(129): CodeIgniter\Debug\Exceptions->errorHandler(2, 'Undefined variable $posts', '/Users/archigladia/AriyantodanRekan/app/Views/blog.php', 129)
 2 SYSTEMPATH/View/View.php(226): include('/Users/archigladia/AriyantodanRekan/app/Views/blog.php')
 3 SYSTEMPATH/View/View.php(229): CodeIgniter\View\View->{closure:CodeIgniter\View\View::render():223}()
 4 SYSTEMPATH/Common.php(1199): CodeIgniter\View\View->render('blog', [], true)
 5 APPPATH/Controllers/Home.php(29): view('blog')
 6 SYSTEMPATH/CodeIgniter.php(933): App\Controllers\Home->blog()
 7 SYSTEMPATH/CodeIgniter.php(507): CodeIgniter\CodeIgniter->runController(Object(App\Controllers\Home))
 8 SYSTEMPATH/CodeIgniter.php(354): CodeIgniter\CodeIgniter->handleRequest(null, Object(Config\Cache), false)
 9 SYSTEMPATH/Boot.php(363): CodeIgniter\CodeIgniter->run()
10 SYSTEMPATH/Boot.php(68): CodeIgniter\Boot::runCodeIgniter(Object(CodeIgniter\CodeIgniter))
11 FCPATH/index.php(59): CodeIgniter\Boot::bootWeb(Object(Config\Paths))
12 SYSTEMPATH/rewrite.php(44): require_once('/Users/archigladia/AriyantodanRekan/public/index.php')
